// Jest Snapshot v1, https://goo.gl/fbAQLP

exports[`ArticleAuthor should render successfully 1`] = `
<body>
  <div>
    <section
      class="odd:bg-neutral-700 max-w-none"
    >
      <div
        class="max-w-prose mx-auto p-8 md:px-0 lg:py-16 flex flex-col md:flex-row gap-8 items-center md:items-start prose-headings:mt-0 prose-img:m-0"
      >
        <img
          alt="Kennie Davis"
          class="bg-neutral-950 rounded-full w-1/3 md:w-1/4 aspect-square"
          src="https://media.graphassets.com/mIH7lhHRTEiQU18HLARU"
        />
        <section>
          <h3>
            Hi, I'm 
            Kennie Davis
          </h3>
          <p>
            An Arizona native, father of three, and software engineer passionate about Nx, React, GraphQL and improving both the developer and user experience. I write about what I'm working on and learning along the way.
          </p>
        </section>
      </div>
    </section>
  </div>
</body>
`;
